../Core/Src/main.c:95:6:PID_Rekursif	32	static
../Core/Src/main.c:127:6:PID_Konvensional	32	static
../Core/Src/main.c:160:7:hitungRPM	32	static
../Core/Src/main.c:198:6:kalibESC	8	static
../Core/Src/main.c:226:5:main	24	static
../Core/Src/main.c:295:6:SystemClock_Config	72	static
../Core/Src/main.c:335:13:MX_TIM1_Init	80	static
../Core/Src/main.c:400:13:MX_TIM3_Init	56	static
../Core/Src/main.c:449:13:MX_GPIO_Init	16	static
../Core/Src/main.c:470:6:Error_Handler	4	static,ignoring_inline_asm
